
R : Copyright 2002, The R Development Core Team
Version 1.6.1 Patched (2002-11-06)

R is free software and comes with ABSOLUTELY NO WARRANTY.
You are welcome to redistribute it under certain conditions.
Type `license()' or `licence()' for distribution details.

R is a collaborative project with many contributors.
Type `contributors()' for more information.

Type `demo()' for some demos, `help()' for on-line help, or
`help.start()' for a HTML browser interface to help.
Type `q()' to quit R.


------------------------------------------------
geoR - functions for geostatistical data analysis
geoR version 1.3-7 is now loaded
------------------------------------------------

[Previously saved workspace restored]

> invisible(options(echo = TRUE))
> set.seed(41)
> data(s100)
> ## Defining a prediction grid
> loci <- expand.grid(seq(0,1,l=21), seq(0,1,l=21))
> ## predicting by ordinary kriging
> kc <- krige.conv(s100, loc=loci,krige=krige.control(cov.pars=c(1, .25)))
krige.conv: model with constant mean
Loading required package: mva 
krige.conv: Kriging performed using global neighbourhood 
> kc[[1]]
  [1]  0.413514172  0.443433108  0.487452402  0.593838191  0.930565422
  [6]  1.351991709  1.548855092  1.600468490  1.581736152  1.470259910
 [11]  1.328717110  1.198569733  1.103286273  1.029099661  0.918687671
 [16]  0.723590449  0.429535451  0.099618666  0.283098896  0.458264270
 [21]  0.575007575  0.347062781  0.405291176  0.440161597  0.524695113
 [26]  1.105936978  1.612689363  1.738907021  1.749573418  1.757084588
 [31]  1.537678353  1.361002375  1.202254140  1.155520136  1.181497051
 [36]  1.155666029  0.996103606  0.728366554  0.498730359  0.541562378
 [41]  0.647079914  0.718128176  0.239043063  0.463762776  0.379266478
 [46]  0.777427128  1.501702903  1.756656501  1.796795425  1.767796306
 [51]  1.676413156  1.443222562  1.170432154  1.020384845  1.163483700
 [56]  1.376512964  1.517134565  1.394171617  1.171261660  0.999740549
 [61]  0.945431445  0.926195441  0.911697293  0.252945772  0.302022985
 [66]  0.148622467  0.703902360  1.259689852  1.687658127  1.705466158
 [71]  1.700888610  1.607104643  1.348206520  0.936468773  0.877537389
 [76]  1.231352806  1.557472551  2.005183922  1.786042151  1.571393005
 [81]  1.404228426  1.308819573  1.198339629  1.110883397  0.208569797
 [86]  0.190849041  0.255171722  0.598188834  0.903420255  1.288472291
 [91]  1.524082878  1.605350060  1.575764181  1.513329755  1.075126285
 [96]  1.084351165  1.355361173  1.697961000  2.003477620  2.008268673
[101]  1.848248981  1.684087450  1.540920565  1.401438458  1.280923438
[106]  0.178868026  0.171895360  0.213137387  0.267440437  0.421952495
[111]  1.031267432  1.356685410  1.435347286  1.389241908  1.309990206
[116]  1.092913259  1.102216246  1.339043828  1.647153599  1.939562932
[121]  2.138874710  1.951589322  1.836196831  1.694740026  1.542802608
[126]  1.412266042  0.157285650  0.156006231  0.196732010  0.283424616
[131]  0.574312931  1.093388222  1.331123919  1.269283891  1.068525596
[136]  0.829957142  0.746519832  0.950534533  1.256688456  1.533003564
[141]  1.735392897  1.834712642  1.755462289  1.719770854  1.705415385
[146]  1.624307495  1.508322868  0.127578827  0.133591086  0.214889612
[151]  0.411156319  0.793473274  1.368690910  1.402813006  1.151104806
[156]  0.801633907  0.367131153  0.269417646  0.841488492  1.224949022
[161]  1.458285444  1.488108072  1.411911332  1.392972081  1.418612086
[166]  1.694809205  1.685671243  1.579813176  0.076741033  0.069466725
[171]  0.169096887  0.397202059  0.741219782  1.122528926  1.232068194
[176]  1.051087715  0.695834583  0.405876738  0.769435360  1.093469116
[181]  1.309905413  1.537513622  1.468335455  1.177987957  1.210653356
[186]  1.323141829  1.755384015  1.726366962  1.629994148  0.007528653
[191] -0.062173012  0.016633294  0.257766373  0.508193764  0.757883124
[196]  0.946496657  0.977046612  0.601340106  0.496525082  0.948673510
[201]  1.240072385  1.385673150  1.627625674  1.456752411  1.114692775
[206]  1.243269920  1.495564322  1.681273713  1.728204714  1.665655964
[211] -0.030856832 -0.239595678 -0.292381767  0.004338567  0.246853804
[216]  0.386707122  0.505925685  0.456024474  0.286686456  0.466084354
[221]  0.859808478  1.265802903  1.592005773  1.765786263  1.279917581
[226]  0.698102948  1.182507053  1.553477392  1.696685874  1.761448835
[231]  1.710766445  0.082066981 -0.202872448 -0.662223508 -0.054368536
[236]  0.178916806  0.110671161  0.193503380  0.084922314  0.056135159
[241]  0.361593004  0.820233471  1.329721765  1.788403165  1.981716553
[246]  1.465326572  0.921887789  1.183219330  1.517238269  1.727011149
[251]  1.844544838  1.771837915  0.389026098  0.451863722  0.513400886
[256]  0.412287523  0.442288937  0.470182226  0.278373953 -0.071705486
[261] -0.037196352  0.282748146  0.797528296  1.382950842  2.012999511
[266]  2.256521788  1.870602677  1.550079994  1.443744292  1.575066302
[271]  1.750890113  1.877497081  1.748729933  0.646291131  0.895673790
[276]  1.019836221  0.859409298  0.796728100  0.650931900  0.389518606
[281]  0.061935108  0.094949845  0.405474672  0.851478165  1.316108919
[286]  2.165626395  2.674831671  2.083154755  1.723222991  1.587661935
[291]  1.604449368  1.720887792  1.730286574  1.537549781  0.634631717
[296]  0.789946109  0.868054150  0.829447796  1.046431538  0.806793315
[301]  0.597696831  0.422400134  0.412573622  0.652756451  1.093061997
[306]  1.385730453  1.919097013  2.260620967  2.053095060  1.775191583
[311]  1.594232816  1.538491271  1.612715546  1.488465496  1.249875616
[316]  0.425134947  0.032329024 -0.345776761  0.159569724  0.647504656
[321]  0.757771236  0.762170027  0.683840236  0.647139204  0.762699097
[326]  1.509154512  2.188051489  2.026684510  2.004239525  1.884581582
[331]  1.708449079  1.565735076  1.505432319  1.659900468  1.568309869
[336]  1.270333585 -0.086156085 -0.586127213 -0.748658650 -0.320091265
[341]  0.160381597  0.547316743  0.872484627  0.809916097  0.751766675
[346]  0.964822517  1.561790391  2.120818893  2.019500272  1.840569846
[351]  1.697117839  1.585405278  1.533398622  1.599336252  1.788288561
[356]  1.717206737  1.393596020 -0.217965625 -0.510285797 -0.608369317
[361] -0.496823892 -0.252697802  0.062865980  0.642604735  0.500038417
[366]  0.578305685  0.823073943  1.172946261  1.679343885  1.908196401
[371]  1.565010574  1.469015230  1.412215438  1.398410504  1.461903960
[376]  1.622192287  1.573478519  1.317997599 -0.088489910 -0.263785400
[381] -0.467436742 -0.637793393 -0.645826274 -0.692346348 -1.036098482
[386] -0.336541735  0.243370084  0.596132561  0.795019283  1.155415405
[391]  1.251558494  1.166874764  1.271398100  1.226650077  1.190586140
[396]  1.331903257  1.475252453  1.333991904  1.090103459  0.048932260
[401] -0.114562026 -0.430774093 -0.803817700 -0.859914469 -1.005035193
[406] -1.128588894 -0.716166802  0.079654564  0.482999671  0.688840116
[411]  0.921606826  1.096759417  1.244897747  1.246703685  1.108565730
[416]  0.940230864  1.188690135  1.400620758  0.740412799  0.809998448
[421]  0.107390614 -0.081208101 -0.374516525 -0.649079244 -0.806329117
[426] -0.925129596 -0.963723426 -0.838704518 -0.363805336  0.245506823
[431]  0.550180079  0.797439903  1.027512633  1.255605729  1.221516010
[436]  1.073612943  0.990820173  1.046031348  1.031016398  0.801868046
[441]  0.735746934
> kc[[2]]
  [1] 0.56397632 0.51679415 0.45677324 0.35586120 0.29518463 0.23116496
  [7] 0.28116371 0.34492951 0.32134755 0.35516011 0.37887135 0.43087246
 [13] 0.50620170 0.54432836 0.53730102 0.47283803 0.31713047 0.08376851
 [19] 0.31712933 0.50998826 0.65362510 0.37778212 0.35522009 0.32960731
 [25] 0.18070023 0.11412524 0.13120898 0.21047397 0.25417539 0.04780111
 [31] 0.21316351 0.15142034 0.24990095 0.38212649 0.42900063 0.44220779
 [37] 0.42109274 0.32928555 0.22139313 0.29530769 0.43833892 0.59117393
 [43] 0.10706510 0.14542195 0.21732064 0.21585692 0.14484982 0.18429827
 [49] 0.24291334 0.27389581 0.23895947 0.24214527 0.16674980 0.17114570
 [55] 0.26326724 0.26216611 0.30025742 0.36520780 0.36651746 0.29537948
 [61] 0.21167870 0.33765011 0.53388571 0.23380234 0.15010300 0.10753063
 [67] 0.22017171 0.20576033 0.05911615 0.10604327 0.24211127 0.28531560
 [73] 0.23286515 0.12712709 0.09405289 0.15667276 0.03747278 0.08508782
 [79] 0.30125493 0.35654509 0.29104506 0.11138292 0.29194323 0.51299307
 [85] 0.42349817 0.33376149 0.24539183 0.08084838 0.19470352 0.22368105
 [91] 0.13967230 0.13848601 0.24053419 0.10834620 0.14496544 0.18329082
 [97] 0.18708133 0.24167393 0.22757861 0.26646432 0.31109187 0.28379917
[103] 0.27288416 0.37988046 0.53797150 0.54196014 0.44897026 0.32104901
[109] 0.09679934 0.11302615 0.26308437 0.25177026 0.24444118 0.27007130
[115] 0.19810296 0.26380002 0.31861167 0.34002802 0.33893014 0.25578499
[121] 0.09171037 0.22954058 0.14204529 0.23422728 0.41452871 0.56088509
[127] 0.60827709 0.51837448 0.40708949 0.28158416 0.22915671 0.25031327
[133] 0.28843047 0.32835581 0.31089557 0.25759133 0.28937929 0.35585657
[139] 0.38895629 0.36778303 0.28250585 0.19817767 0.24046043 0.18958364
[145] 0.25315666 0.41564330 0.56309124 0.63150159 0.54311643 0.45157776
[151] 0.37214037 0.29166508 0.10648313 0.21457204 0.31993796 0.28006713
[157] 0.07161486 0.15307827 0.29689982 0.35207419 0.32208120 0.23627726
[163] 0.20018815 0.23480170 0.16058883 0.20914312 0.38383840 0.54874490
[169] 0.61457256 0.51105239 0.40282344 0.33908222 0.31359771 0.24219008
[175] 0.24188350 0.26886087 0.26879090 0.16141763 0.06387915 0.20760770
[181] 0.24844660 0.20773277 0.08008576 0.14034043 0.22104398 0.12756555
[187] 0.13544458 0.36639562 0.53403100 0.56462271 0.43538437 0.26677155
[193] 0.16829695 0.29483249 0.30662356 0.22209224 0.08855091 0.23368328
[199] 0.17049156 0.03781656 0.15373666 0.09454156 0.16823240 0.15242932
[205] 0.22479470 0.20443142 0.21467631 0.29745476 0.40304201 0.51647496
[211] 0.48888861 0.33927241 0.20538287 0.17453387 0.27168374 0.26378939
[217] 0.23527628 0.16565364 0.14763027 0.24470554 0.23849853 0.25709002
[223] 0.22709838 0.15089216 0.14743396 0.12647148 0.13465420 0.19864574
[229] 0.33005467 0.37775800 0.45097935 0.39943465 0.18869088 0.05088622
[235] 0.23665450 0.22721503 0.06994669 0.18983616 0.20328761 0.17781465
[241] 0.26729340 0.31854191 0.33296073 0.28170208 0.15428387 0.12516377
[247] 0.15023169 0.24906386 0.30721996 0.31581307 0.23910279 0.30600737
[253] 0.36634776 0.14709109 0.14587905 0.25369634 0.16554970 0.08548621
[259] 0.06678986 0.14909489 0.18340394 0.15402772 0.27186498 0.31026914
[265] 0.26751398 0.21505137 0.15979281 0.12401635 0.29666152 0.33822402
[271] 0.27588792 0.13240850 0.22622124 0.37547840 0.23681334 0.19272345
[277] 0.24920859 0.23318667 0.24247060 0.24026754 0.17705863 0.19343482
[283] 0.12739568 0.18371300 0.18663683 0.16476345 0.10028978 0.18513695
[289] 0.21357861 0.31151620 0.31149649 0.19519876 0.11979541 0.26996625
[295] 0.31988747 0.20167108 0.08957574 0.16592941 0.11987448 0.29306653
[301] 0.34188192 0.32733206 0.28008642 0.15800285 0.13889828 0.09452646
[307] 0.08237065 0.20804896 0.28398367 0.31880118 0.28748409 0.21730817
[313] 0.21506598 0.16343132 0.16545164 0.13894334 0.17871538 0.07861877
[319] 0.18120680 0.23070888 0.32121889 0.35335884 0.35716811 0.30443412
[325] 0.10765334 0.11705288 0.10661217 0.14753956 0.09809649 0.29144898
[331] 0.34620099 0.25026406 0.05431988 0.18298509 0.13898460 0.20602375
[337] 0.14236571 0.12244450 0.14742087 0.26954003 0.33126950 0.31336236
[343] 0.24487855 0.29957733 0.32780682 0.26420279 0.20462278 0.16722201
[349] 0.06597760 0.18855553 0.31843823 0.36670208 0.29527513 0.16287528
[355] 0.12867560 0.14781118 0.31431219 0.27966343 0.23028079 0.26683967
[361] 0.32438302 0.34952810 0.27757091 0.07121122 0.23365388 0.32413730
[367] 0.28837976 0.18362870 0.17423661 0.09270789 0.21939473 0.33158381
[373] 0.36856642 0.32274929 0.21227365 0.10824237 0.21594415 0.34895685
[379] 0.29734231 0.18844905 0.18121575 0.25849418 0.31159853 0.25495615
[385] 0.04926180 0.21553288 0.27151323 0.24517633 0.12799356 0.21573177
[391] 0.17268586 0.12716312 0.29596475 0.31788498 0.24736979 0.22553612
[397] 0.15872796 0.10111779 0.29284469 0.18434853 0.11178523 0.15652417
[403] 0.05393672 0.27084471 0.23563065 0.05495276 0.19220252 0.09890700
[409] 0.14854296 0.27992919 0.32384193 0.27152807 0.16904495 0.23931317
[415] 0.26787797 0.06341190 0.16511078 0.02544761 0.02390938 0.22396745
[421] 0.19334986 0.20523812 0.29149383 0.29305319 0.35738545 0.34630780
[427] 0.28093751 0.19206269 0.12577976 0.24728457 0.37726561 0.41702766
[433] 0.34781658 0.16889950 0.24678542 0.33757732 0.31275268 0.30567027
[439] 0.27672254 0.28390947 0.38249005
> 
> ## mapping point estimates and variances
> par.ori <- par(no.readonly = TRUE)
> par(mfrow=c(1,2), mar=c(3.5,3.5,1,0), mgp=c(1.5,.5,0))
> image(kc, main="kriging estimates")
> image(kc, val=sqrt(kc$krige.var), main="kriging std. errors")
> ## Now setting the output to simulate from the predictive
> ## (obtaining conditional simulations),
> ## and to compute quantile and probability estimators
> s.out <- output.control(n.predictive = 1000, quant=0.9, thres=2)
> kc <- krige.conv(s100,loc=loci,krige=krige.control(cov.pars=c(1,.25)),output=s.out)
krige.conv: model with constant mean
krige.conv: sampling from the predictive distribution (conditional simulations)
krige.conv: Kriging performed using global neighbourhood 
> kc[c(1,2,6:9)]
$predict
  [1]  0.413514172  0.443433108  0.487452402  0.593838191  0.930565422
  [6]  1.351991709  1.548855092  1.600468490  1.581736152  1.470259910
 [11]  1.328717110  1.198569733  1.103286273  1.029099661  0.918687671
 [16]  0.723590449  0.429535451  0.099618666  0.283098896  0.458264270
 [21]  0.575007575  0.347062781  0.405291176  0.440161597  0.524695113
 [26]  1.105936978  1.612689363  1.738907021  1.749573418  1.757084588
 [31]  1.537678353  1.361002375  1.202254140  1.155520136  1.181497051
 [36]  1.155666029  0.996103606  0.728366554  0.498730359  0.541562378
 [41]  0.647079914  0.718128176  0.239043063  0.463762776  0.379266478
 [46]  0.777427128  1.501702903  1.756656501  1.796795425  1.767796306
 [51]  1.676413156  1.443222562  1.170432154  1.020384845  1.163483700
 [56]  1.376512964  1.517134565  1.394171617  1.171261660  0.999740549
 [61]  0.945431445  0.926195441  0.911697293  0.252945772  0.302022985
 [66]  0.148622467  0.703902360  1.259689852  1.687658127  1.705466158
 [71]  1.700888610  1.607104643  1.348206520  0.936468773  0.877537389
 [76]  1.231352806  1.557472551  2.005183922  1.786042151  1.571393005
 [81]  1.404228426  1.308819573  1.198339629  1.110883397  0.208569797
 [86]  0.190849041  0.255171722  0.598188834  0.903420255  1.288472291
 [91]  1.524082878  1.605350060  1.575764181  1.513329755  1.075126285
 [96]  1.084351165  1.355361173  1.697961000  2.003477620  2.008268673
[101]  1.848248981  1.684087450  1.540920565  1.401438458  1.280923438
[106]  0.178868026  0.171895360  0.213137387  0.267440437  0.421952495
[111]  1.031267432  1.356685410  1.435347286  1.389241908  1.309990206
[116]  1.092913259  1.102216246  1.339043828  1.647153599  1.939562932
[121]  2.138874710  1.951589322  1.836196831  1.694740026  1.542802608
[126]  1.412266042  0.157285650  0.156006231  0.196732010  0.283424616
[131]  0.574312931  1.093388222  1.331123919  1.269283891  1.068525596
[136]  0.829957142  0.746519832  0.950534533  1.256688456  1.533003564
[141]  1.735392897  1.834712642  1.755462289  1.719770854  1.705415385
[146]  1.624307495  1.508322868  0.127578827  0.133591086  0.214889612
[151]  0.411156319  0.793473274  1.368690910  1.402813006  1.151104806
[156]  0.801633907  0.367131153  0.269417646  0.841488492  1.224949022
[161]  1.458285444  1.488108072  1.411911332  1.392972081  1.418612086
[166]  1.694809205  1.685671243  1.579813176  0.076741033  0.069466725
[171]  0.169096887  0.397202059  0.741219782  1.122528926  1.232068194
[176]  1.051087715  0.695834583  0.405876738  0.769435360  1.093469116
[181]  1.309905413  1.537513622  1.468335455  1.177987957  1.210653356
[186]  1.323141829  1.755384015  1.726366962  1.629994148  0.007528653
[191] -0.062173012  0.016633294  0.257766373  0.508193764  0.757883124
[196]  0.946496657  0.977046612  0.601340106  0.496525082  0.948673510
[201]  1.240072385  1.385673150  1.627625674  1.456752411  1.114692775
[206]  1.243269920  1.495564322  1.681273713  1.728204714  1.665655964
[211] -0.030856832 -0.239595678 -0.292381767  0.004338567  0.246853804
[216]  0.386707122  0.505925685  0.456024474  0.286686456  0.466084354
[221]  0.859808478  1.265802903  1.592005773  1.765786263  1.279917581
[226]  0.698102948  1.182507053  1.553477392  1.696685874  1.761448835
[231]  1.710766445  0.082066981 -0.202872448 -0.662223508 -0.054368536
[236]  0.178916806  0.110671161  0.193503380  0.084922314  0.056135159
[241]  0.361593004  0.820233471  1.329721765  1.788403165  1.981716553
[246]  1.465326572  0.921887789  1.183219330  1.517238269  1.727011149
[251]  1.844544838  1.771837915  0.389026098  0.451863722  0.513400886
[256]  0.412287523  0.442288937  0.470182226  0.278373953 -0.071705486
[261] -0.037196352  0.282748146  0.797528296  1.382950842  2.012999511
[266]  2.256521788  1.870602677  1.550079994  1.443744292  1.575066302
[271]  1.750890113  1.877497081  1.748729933  0.646291131  0.895673790
[276]  1.019836221  0.859409298  0.796728100  0.650931900  0.389518606
[281]  0.061935108  0.094949845  0.405474672  0.851478165  1.316108919
[286]  2.165626395  2.674831671  2.083154755  1.723222991  1.587661935
[291]  1.604449368  1.720887792  1.730286574  1.537549781  0.634631717
[296]  0.789946109  0.868054150  0.829447796  1.046431538  0.806793315
[301]  0.597696831  0.422400134  0.412573622  0.652756451  1.093061997
[306]  1.385730453  1.919097013  2.260620967  2.053095060  1.775191583
[311]  1.594232816  1.538491271  1.612715546  1.488465496  1.249875616
[316]  0.425134947  0.032329024 -0.345776761  0.159569724  0.647504656
[321]  0.757771236  0.762170027  0.683840236  0.647139204  0.762699097
[326]  1.509154512  2.188051489  2.026684510  2.004239525  1.884581582
[331]  1.708449079  1.565735076  1.505432319  1.659900468  1.568309869
[336]  1.270333585 -0.086156085 -0.586127213 -0.748658650 -0.320091265
[341]  0.160381597  0.547316743  0.872484627  0.809916097  0.751766675
[346]  0.964822517  1.561790391  2.120818893  2.019500272  1.840569846
[351]  1.697117839  1.585405278  1.533398622  1.599336252  1.788288561
[356]  1.717206737  1.393596020 -0.217965625 -0.510285797 -0.608369317
[361] -0.496823892 -0.252697802  0.062865980  0.642604735  0.500038417
[366]  0.578305685  0.823073943  1.172946261  1.679343885  1.908196401
[371]  1.565010574  1.469015230  1.412215438  1.398410504  1.461903960
[376]  1.622192287  1.573478519  1.317997599 -0.088489910 -0.263785400
[381] -0.467436742 -0.637793393 -0.645826274 -0.692346348 -1.036098482
[386] -0.336541735  0.243370084  0.596132561  0.795019283  1.155415405
[391]  1.251558494  1.166874764  1.271398100  1.226650077  1.190586140
[396]  1.331903257  1.475252453  1.333991904  1.090103459  0.048932260
[401] -0.114562026 -0.430774093 -0.803817700 -0.859914469 -1.005035193
[406] -1.128588894 -0.716166802  0.079654564  0.482999671  0.688840116
[411]  0.921606826  1.096759417  1.244897747  1.246703685  1.108565730
[416]  0.940230864  1.188690135  1.400620758  0.740412799  0.809998448
[421]  0.107390614 -0.081208101 -0.374516525 -0.649079244 -0.806329117
[426] -0.925129596 -0.963723426 -0.838704518 -0.363805336  0.245506823
[431]  0.550180079  0.797439903  1.027512633  1.255605729  1.221516010
[436]  1.073612943  0.990820173  1.046031348  1.031016398  0.801868046
[441]  0.735746934

$krige.var
  [1] 0.56397632 0.51679415 0.45677324 0.35586120 0.29518463 0.23116496
  [7] 0.28116371 0.34492951 0.32134755 0.35516011 0.37887135 0.43087246
 [13] 0.50620170 0.54432836 0.53730102 0.47283803 0.31713047 0.08376851
 [19] 0.31712933 0.50998826 0.65362510 0.37778212 0.35522009 0.32960731
 [25] 0.18070023 0.11412524 0.13120898 0.21047397 0.25417539 0.04780111
 [31] 0.21316351 0.15142034 0.24990095 0.38212649 0.42900063 0.44220779
 [37] 0.42109274 0.32928555 0.22139313 0.29530769 0.43833892 0.59117393
 [43] 0.10706510 0.14542195 0.21732064 0.21585692 0.14484982 0.18429827
 [49] 0.24291334 0.27389581 0.23895947 0.24214527 0.16674980 0.17114570
 [55] 0.26326724 0.26216611 0.30025742 0.36520780 0.36651746 0.29537948
 [61] 0.21167870 0.33765011 0.53388571 0.23380234 0.15010300 0.10753063
 [67] 0.22017171 0.20576033 0.05911615 0.10604327 0.24211127 0.28531560
 [73] 0.23286515 0.12712709 0.09405289 0.15667276 0.03747278 0.08508782
 [79] 0.30125493 0.35654509 0.29104506 0.11138292 0.29194323 0.51299307
 [85] 0.42349817 0.33376149 0.24539183 0.08084838 0.19470352 0.22368105
 [91] 0.13967230 0.13848601 0.24053419 0.10834620 0.14496544 0.18329082
 [97] 0.18708133 0.24167393 0.22757861 0.26646432 0.31109187 0.28379917
[103] 0.27288416 0.37988046 0.53797150 0.54196014 0.44897026 0.32104901
[109] 0.09679934 0.11302615 0.26308437 0.25177026 0.24444118 0.27007130
[115] 0.19810296 0.26380002 0.31861167 0.34002802 0.33893014 0.25578499
[121] 0.09171037 0.22954058 0.14204529 0.23422728 0.41452871 0.56088509
[127] 0.60827709 0.51837448 0.40708949 0.28158416 0.22915671 0.25031327
[133] 0.28843047 0.32835581 0.31089557 0.25759133 0.28937929 0.35585657
[139] 0.38895629 0.36778303 0.28250585 0.19817767 0.24046043 0.18958364
[145] 0.25315666 0.41564330 0.56309124 0.63150159 0.54311643 0.45157776
[151] 0.37214037 0.29166508 0.10648313 0.21457204 0.31993796 0.28006713
[157] 0.07161486 0.15307827 0.29689982 0.35207419 0.32208120 0.23627726
[163] 0.20018815 0.23480170 0.16058883 0.20914312 0.38383840 0.54874490
[169] 0.61457256 0.51105239 0.40282344 0.33908222 0.31359771 0.24219008
[175] 0.24188350 0.26886087 0.26879090 0.16141763 0.06387915 0.20760770
[181] 0.24844660 0.20773277 0.08008576 0.14034043 0.22104398 0.12756555
[187] 0.13544458 0.36639562 0.53403100 0.56462271 0.43538437 0.26677155
[193] 0.16829695 0.29483249 0.30662356 0.22209224 0.08855091 0.23368328
[199] 0.17049156 0.03781656 0.15373666 0.09454156 0.16823240 0.15242932
[205] 0.22479470 0.20443142 0.21467631 0.29745476 0.40304201 0.51647496
[211] 0.48888861 0.33927241 0.20538287 0.17453387 0.27168374 0.26378939
[217] 0.23527628 0.16565364 0.14763027 0.24470554 0.23849853 0.25709002
[223] 0.22709838 0.15089216 0.14743396 0.12647148 0.13465420 0.19864574
[229] 0.33005467 0.37775800 0.45097935 0.39943465 0.18869088 0.05088622
[235] 0.23665450 0.22721503 0.06994669 0.18983616 0.20328761 0.17781465
[241] 0.26729340 0.31854191 0.33296073 0.28170208 0.15428387 0.12516377
[247] 0.15023169 0.24906386 0.30721996 0.31581307 0.23910279 0.30600737
[253] 0.36634776 0.14709109 0.14587905 0.25369634 0.16554970 0.08548621
[259] 0.06678986 0.14909489 0.18340394 0.15402772 0.27186498 0.31026914
[265] 0.26751398 0.21505137 0.15979281 0.12401635 0.29666152 0.33822402
[271] 0.27588792 0.13240850 0.22622124 0.37547840 0.23681334 0.19272345
[277] 0.24920859 0.23318667 0.24247060 0.24026754 0.17705863 0.19343482
[283] 0.12739568 0.18371300 0.18663683 0.16476345 0.10028978 0.18513695
[289] 0.21357861 0.31151620 0.31149649 0.19519876 0.11979541 0.26996625
[295] 0.31988747 0.20167108 0.08957574 0.16592941 0.11987448 0.29306653
[301] 0.34188192 0.32733206 0.28008642 0.15800285 0.13889828 0.09452646
[307] 0.08237065 0.20804896 0.28398367 0.31880118 0.28748409 0.21730817
[313] 0.21506598 0.16343132 0.16545164 0.13894334 0.17871538 0.07861877
[319] 0.18120680 0.23070888 0.32121889 0.35335884 0.35716811 0.30443412
[325] 0.10765334 0.11705288 0.10661217 0.14753956 0.09809649 0.29144898
[331] 0.34620099 0.25026406 0.05431988 0.18298509 0.13898460 0.20602375
[337] 0.14236571 0.12244450 0.14742087 0.26954003 0.33126950 0.31336236
[343] 0.24487855 0.29957733 0.32780682 0.26420279 0.20462278 0.16722201
[349] 0.06597760 0.18855553 0.31843823 0.36670208 0.29527513 0.16287528
[355] 0.12867560 0.14781118 0.31431219 0.27966343 0.23028079 0.26683967
[361] 0.32438302 0.34952810 0.27757091 0.07121122 0.23365388 0.32413730
[367] 0.28837976 0.18362870 0.17423661 0.09270789 0.21939473 0.33158381
[373] 0.36856642 0.32274929 0.21227365 0.10824237 0.21594415 0.34895685
[379] 0.29734231 0.18844905 0.18121575 0.25849418 0.31159853 0.25495615
[385] 0.04926180 0.21553288 0.27151323 0.24517633 0.12799356 0.21573177
[391] 0.17268586 0.12716312 0.29596475 0.31788498 0.24736979 0.22553612
[397] 0.15872796 0.10111779 0.29284469 0.18434853 0.11178523 0.15652417
[403] 0.05393672 0.27084471 0.23563065 0.05495276 0.19220252 0.09890700
[409] 0.14854296 0.27992919 0.32384193 0.27152807 0.16904495 0.23931317
[415] 0.26787797 0.06341190 0.16511078 0.02544761 0.02390938 0.22396745
[421] 0.19334986 0.20523812 0.29149383 0.29305319 0.35738545 0.34630780
[427] 0.28093751 0.19206269 0.12577976 0.24728457 0.37726561 0.41702766
[433] 0.34781658 0.16889950 0.24678542 0.33757732 0.31275268 0.30567027
[439] 0.27672254 0.28390947 0.38249005

$mean.simulations
  [1]  0.432404686  0.463037399  0.493323871  0.599407537  0.907449266
  [6]  1.317744615  1.547085778  1.613107848  1.582587928  1.469938203
 [11]  1.330612129  1.214963844  1.115882732  1.085848142  1.009426237
 [16]  0.762027757  0.465752490  0.111871466  0.254606667  0.421023785
 [21]  0.563444381  0.354846764  0.407990830  0.453506987  0.516080341
 [26]  1.101087825  1.618065802  1.770323396  1.794522368  1.750491010
 [31]  1.550591753  1.351205536  1.209110968  1.196492476  1.202761981
 [36]  1.187947941  1.060941238  0.768929569  0.497906470  0.517647842
 [41]  0.613535607  0.700679787  0.234516760  0.460812090  0.369143148
 [46]  0.775398602  1.475341388  1.753624324  1.811764283  1.778400454
 [51]  1.674905191  1.443607695  1.184080816  1.008389545  1.172985116
 [56]  1.382794096  1.530763323  1.401249117  1.181628770  1.009330517
 [61]  0.932977742  0.891125921  0.890969156  0.242812247  0.290099981
 [66]  0.150237818  0.709882483  1.251150969  1.680140085  1.704485772
 [71]  1.691660069  1.618981442  1.333935881  0.928719651  0.881519486
 [76]  1.230536629  1.558164639  2.013429401  1.798292985  1.583203312
 [81]  1.397338287  1.291915880  1.173435658  1.102004580  0.195590778
 [86]  0.193301361  0.261338178  0.595943844  0.915458930  1.280250277
 [91]  1.517239957  1.588640281  1.563822690  1.500147208  1.061658227
 [96]  1.073670855  1.365776767  1.679691905  2.007337321  2.015522021
[101]  1.850108872  1.690958996  1.538176973  1.396271481  1.297885401
[106]  0.179127509  0.201101612  0.209862490  0.271275865  0.416487691
[111]  1.008419064  1.339920965  1.419568606  1.383679743  1.303638314
[116]  1.094828340  1.117271380  1.340066975  1.630911418  1.942232730
[121]  2.144028072  1.930393393  1.840342678  1.712282889  1.586007371
[126]  1.434092874  0.149547648  0.180129846  0.199165165  0.293756242
[131]  0.572981008  1.065467184  1.341285511  1.262019098  1.070757729
[136]  0.835302703  0.746798197  0.957562070  1.252614944  1.530174062
[141]  1.766761556  1.848827013  1.744003579  1.720672466  1.722735036
[146]  1.655618047  1.529944195  0.129737974  0.140647938  0.211386466
[151]  0.410366930  0.804827218  1.349222401  1.395957450  1.130389964
[156]  0.795709042  0.360042019  0.304288158  0.861598860  1.221497652
[161]  1.472939453  1.470456514  1.428226065  1.385518642  1.414132358
[166]  1.710490125  1.712210515  1.598848096  0.067836346  0.056024744
[171]  0.152498780  0.406402200  0.742607828  1.097118851  1.238186946
[176]  1.045652719  0.698783154  0.413790201  0.768030471  1.104943325
[181]  1.319916736  1.529059239  1.469205982  1.171841545  1.206511863
[186]  1.315011442  1.775636700  1.755083380  1.650065376  0.023804864
[191] -0.068586564  0.019622133  0.254443288  0.499885246  0.717697732
[196]  0.934704190  0.982630426  0.585843246  0.501849286  0.949744439
[201]  1.233908748  1.379120678  1.622439191  1.451772030  1.098596755
[206]  1.224166499  1.481520750  1.689230856  1.755733678  1.708922565
[211] -0.044367403 -0.257777733 -0.296543041 -0.004989871  0.264174301
[216]  0.378193066  0.511267047  0.446578497  0.280748243  0.459066975
[221]  0.823342914  1.203685212  1.576231139  1.750278635  1.261711359
[226]  0.681904862  1.176004244  1.524464925  1.691314614  1.744566749
[231]  1.728556565  0.079440318 -0.208276663 -0.674276355 -0.054729106
[236]  0.194069714  0.109066330  0.176476600  0.095463402  0.029005906
[241]  0.356879966  0.776624664  1.262175094  1.768553853  1.974676190
[246]  1.469407274  0.938522686  1.159659918  1.492054622  1.716949485
[251]  1.818939769  1.769895862  0.364505014  0.433417871  0.523434687
[256]  0.417521636  0.456415003  0.472752284  0.273359635 -0.060919376
[261] -0.037642882  0.274738886  0.773025000  1.373127474  1.998978683
[266]  2.242331055  1.874213899  1.551884377  1.444033570  1.560478524
[271]  1.752375297  1.871660202  1.733801041  0.631979735  0.877953008
[276]  1.027994328  0.877380661  0.821626499  0.643870353  0.400111300
[281]  0.066422662  0.081917393  0.416182301  0.830836028  1.316127050
[286]  2.159209605  2.673473545  2.095182490  1.743803341  1.571600197
[291]  1.601583362  1.692736078  1.740999617  1.547279474  0.640306548
[296]  0.788821144  0.870011943  0.853941221  1.049044000  0.812138328
[301]  0.639330785  0.438783856  0.443646341  0.659580772  1.087235293
[306]  1.390785510  1.931824146  2.268438547  2.063439479  1.780886895
[311]  1.582921959  1.528705399  1.627086090  1.490214577  1.260643480
[316]  0.410010410  0.013494096 -0.349111380  0.154080837  0.644495656
[321]  0.778257677  0.752141854  0.707019138  0.674607543  0.757002443
[326]  1.508890976  2.187784258  2.033292555  2.014428678  1.883875953
[331]  1.716333774  1.586865187  1.496747204  1.659566661  1.548807822
[336]  1.293137077 -0.114775216 -0.579485355 -0.731872467 -0.328889066
[341]  0.141154716  0.556135287  0.892102198  0.817125743  0.737239888
[346]  0.956741922  1.559957513  2.117771091  2.018220516  1.843276251
[351]  1.679124420  1.569381411  1.542232919  1.619510323  1.792650482
[356]  1.737368976  1.407742426 -0.226506954 -0.520697716 -0.596805086
[361] -0.506530068 -0.257077621  0.084687847  0.648730611  0.523091716
[366]  0.553919125  0.806147847  1.163675089  1.648101930  1.907388426
[371]  1.560119589  1.451978425  1.385923335  1.405350757  1.485384755
[376]  1.617758081  1.558380910  1.317521533 -0.101177909 -0.294732428
[381] -0.472730548 -0.660089312 -0.649103409 -0.678490650 -1.029060101
[386] -0.336596883  0.247353899  0.588208824  0.790226413  1.144202479
[391]  1.246110244  1.172325235  1.260552597  1.211147520  1.200910558
[396]  1.330464082  1.481844252  1.338264881  1.091277845  0.054254828
[401] -0.109414334 -0.418523836 -0.817259000 -0.874665139 -1.014157502
[406] -1.141091498 -0.721245671  0.067721320  0.468383347  0.674942405
[411]  0.901488300  1.088958869  1.266034710  1.239783289  1.113606083
[416]  0.924086317  1.183012252  1.405695232  0.740104415  0.795903751
[421]  0.109158630 -0.106131873 -0.375887859 -0.670633468 -0.820454667
[426] -0.931121485 -0.952250485 -0.822449326 -0.358273621  0.246467861
[431]  0.555998080  0.795111256  1.061213061  1.301942568  1.221184844
[436]  1.070320214  0.979752077  1.036966987  1.038327594  0.783249287
[441]  0.720430008

$variance.simulations
  [1] 0.57412797 0.51498691 0.46136282 0.34792553 0.28854478 0.22884212
  [7] 0.28228036 0.33426457 0.30639908 0.32695334 0.39238008 0.40598558
 [13] 0.49101489 0.48280836 0.50811759 0.44633231 0.30465537 0.07798434
 [19] 0.29954607 0.48431832 0.61648413 0.35800875 0.36758657 0.31347926
 [25] 0.17144308 0.11075858 0.12631641 0.21302368 0.23057903 0.04636813
 [31] 0.21721985 0.15313368 0.25069822 0.35462613 0.38166316 0.40961308
 [37] 0.40401772 0.31097816 0.22585751 0.29596058 0.41383626 0.59008334
 [43] 0.09970430 0.14112108 0.22478720 0.21362245 0.13593390 0.17609335
 [49] 0.23186573 0.26835045 0.23693867 0.23783458 0.17013882 0.16938691
 [55] 0.26210089 0.26565603 0.29502689 0.36482543 0.34332093 0.28916054
 [61] 0.21840002 0.32652654 0.52149731 0.22719099 0.14460760 0.11562232
 [67] 0.21720953 0.19324936 0.05641369 0.10655739 0.23815047 0.27295627
 [73] 0.22861862 0.13311343 0.09225895 0.15486174 0.03820510 0.08696760
 [79] 0.26568339 0.32554135 0.26846587 0.10913688 0.28347949 0.52711055
 [85] 0.41510833 0.34198225 0.26786462 0.08587927 0.19437523 0.22493971
 [91] 0.13907503 0.13993192 0.23684448 0.11194176 0.13850561 0.17583880
 [97] 0.19614941 0.24268014 0.23294647 0.24589809 0.28928450 0.27910191
[103] 0.26468118 0.40426158 0.51385293 0.55265288 0.48126492 0.34493877
[109] 0.10369702 0.11208396 0.28572715 0.25910318 0.23697954 0.28472986
[115] 0.20271227 0.26898270 0.32196166 0.35200852 0.34095796 0.25403502
[121] 0.08601099 0.22390263 0.14088320 0.23537217 0.41168465 0.51587661
[127] 0.56859627 0.51390673 0.44104662 0.28840644 0.23251243 0.27554404
[133] 0.28095568 0.34059731 0.33326833 0.28290925 0.29333344 0.36022445
[139] 0.39429197 0.37291612 0.28257721 0.18042702 0.22658735 0.18791801
[145] 0.22232206 0.41870734 0.54346221 0.59241015 0.53015722 0.49535185
[151] 0.36621322 0.28369108 0.11114233 0.20567685 0.33488108 0.28606185
[157] 0.07874060 0.15918995 0.30584005 0.35105764 0.29898129 0.23626846
[163] 0.21126276 0.21835305 0.14558973 0.20063298 0.36833095 0.56967026
[169] 0.57788935 0.50274316 0.40971827 0.32260077 0.30259403 0.23609120
[175] 0.24331401 0.27086393 0.24684677 0.16108574 0.06359107 0.20406046
[181] 0.25122432 0.19226222 0.08299385 0.13565559 0.21168980 0.12597263
[187] 0.13786434 0.38368625 0.50414749 0.55887416 0.44660788 0.27046460
[193] 0.17470087 0.29784361 0.31073331 0.23319405 0.08182987 0.23754556
[199] 0.16955630 0.03660205 0.16158729 0.09621422 0.16818434 0.15209728
[205] 0.22628766 0.20605521 0.21924942 0.29710201 0.41782882 0.52129532
[211] 0.48810593 0.33454173 0.21521022 0.19099537 0.26373958 0.25225743
[217] 0.22517044 0.16072636 0.14743718 0.23883306 0.24434434 0.27618991
[223] 0.23984781 0.16399185 0.13959917 0.12501039 0.13279664 0.19711595
[229] 0.34239932 0.37484754 0.45487548 0.39949340 0.18197081 0.05044695
[235] 0.23421935 0.23415085 0.07087007 0.18828072 0.18473502 0.18239038
[241] 0.25402512 0.32376564 0.34485287 0.29717363 0.15366575 0.12326820
[247] 0.14952508 0.23436845 0.33165496 0.34186901 0.25569308 0.30500475
[253] 0.37765877 0.15999680 0.14245674 0.25597954 0.16122632 0.08410647
[259] 0.06431361 0.15458370 0.17366780 0.14667293 0.26642015 0.32755985
[265] 0.26980437 0.22536613 0.15012369 0.13142814 0.30889606 0.34220319
[271] 0.28678022 0.13372710 0.22299780 0.35663873 0.23484815 0.19489481
[277] 0.25909628 0.23594473 0.24556788 0.25213314 0.17845640 0.18201840
[283] 0.12198620 0.17393957 0.19107915 0.16618163 0.09715138 0.18343924
[289] 0.21257044 0.29841018 0.32124248 0.20607934 0.11706942 0.26544278
[295] 0.31219814 0.20683941 0.08630702 0.17860639 0.11626788 0.28882503
[301] 0.33813134 0.31783592 0.24577191 0.16126680 0.13090241 0.09743538
[307] 0.07667055 0.22249676 0.29098531 0.29901410 0.28420123 0.22261518
[313] 0.20182151 0.17227622 0.16412695 0.13498161 0.17628414 0.07646372
[319] 0.17498503 0.22476686 0.30901526 0.33614714 0.37624210 0.31072353
[325] 0.10512080 0.11874842 0.10879101 0.15430126 0.10039969 0.29273274
[331] 0.31349306 0.23752097 0.05630130 0.19907735 0.14156060 0.21413212
[337] 0.15512281 0.12266800 0.15168121 0.25801426 0.33581679 0.32788411
[343] 0.24446887 0.29830657 0.32334386 0.25765298 0.18527522 0.15991900
[349] 0.06917366 0.17965881 0.33167448 0.35542470 0.27576541 0.17201236
[355] 0.13990181 0.15250358 0.31860038 0.29146192 0.22549383 0.24534669
[361] 0.28832889 0.34868896 0.26212744 0.07626638 0.22599216 0.32142159
[367] 0.26293766 0.18032842 0.16989602 0.09024911 0.21106879 0.34839037
[373] 0.35441734 0.31225543 0.21234331 0.10937400 0.20678248 0.34049350
[379] 0.33260623 0.17943927 0.17513531 0.23768494 0.29817925 0.27288704
[385] 0.04923165 0.21545335 0.27808669 0.23774233 0.12001672 0.21728864
[391] 0.17163980 0.12173494 0.31032899 0.33052927 0.25869160 0.22950693
[397] 0.17567678 0.09927309 0.29072882 0.18295365 0.11239478 0.16492565
[403] 0.05546711 0.27235809 0.23095406 0.05414190 0.18980922 0.09845506
[409] 0.13932714 0.29000401 0.34223486 0.25464246 0.15564368 0.23624978
[415] 0.25501572 0.06147415 0.15668137 0.02718779 0.02332183 0.24851766
[421] 0.18749263 0.20587777 0.28618208 0.27873302 0.36521808 0.35946400
[427] 0.29172532 0.18211973 0.12166067 0.23978477 0.35192500 0.39828267
[433] 0.32061201 0.17214831 0.23323264 0.36496487 0.33466784 0.31235518
[439] 0.29290778 0.27630945 0.35849587

$quantiles.simulations
  [1]  1.411026712  1.359583091  1.339258302  1.370050243  1.603471307
  [6]  1.932803244  2.235404870  2.363101983  2.327483574  2.199854295
 [11]  2.130448248  2.056645559  2.009694936  1.980077945  1.944446784
 [16]  1.595571205  1.171504926  0.461924779  0.959940561  1.323673726
 [21]  1.545358645  1.096428349  1.133828269  1.180903834  1.038034408
 [26]  1.517134307  2.064495786  2.369503463  2.408360390  2.030471263
 [31]  2.135471396  1.854992332  1.857570729  1.942887532  1.933747555
 [36]  2.008292534  1.890357561  1.469516481  1.100103874  1.210162742
 [41]  1.436417041  1.706099897  0.642184663  0.949433729  0.961982276
 [46]  1.344258882  1.934069335  2.283942948  2.411991483  2.453854324
 [51]  2.306189590  2.086106025  1.738991127  1.550345157  1.839410115
 [56]  2.038862384  2.204215185  2.212775125  1.917501677  1.685441888
 [61]  1.527509249  1.608358128  1.793775895  0.840818243  0.779279741
 [66]  0.606492350  1.288968821  1.825959308  1.990443977  2.122315379
 [71]  2.339489057  2.294541957  1.956222146  1.393922686  1.261047231
 [76]  1.755481559  1.802616480  2.398710848  2.457411793  2.303121446
 [81]  2.073120051  1.717154215  1.869441987  2.024326789  1.024263649
 [86]  0.927023404  0.929780690  0.968449620  1.484034666  1.899970030
 [91]  1.986487350  2.062413536  2.187031749  1.928698818  1.539228842
 [96]  1.597135358  1.947207105  2.283070568  2.585292475  2.660887699
[101]  2.561922900  2.359108271  2.188953064  2.187517184  2.204372042
[106]  1.165504350  1.087655612  0.977879955  0.689494143  0.861764105
[111]  1.715992277  1.994985099  2.046688614  2.074618133  1.870195388
[116]  1.758442313  1.859547575  2.102288358  2.324904985  2.605393969
[121]  2.523574879  2.559866212  2.334978928  2.321979892  2.414052206
[126]  2.401382193  1.073089359  1.117094431  1.033564932  0.998091431
[131]  1.176314877  1.722086757  2.033283814  2.035760273  1.792669403
[136]  1.524089672  1.450925259  1.717757858  2.081200294  2.311753349
[141]  2.441995312  2.369056289  2.374778938  2.262278768  2.313616911
[146]  2.488575862  2.504036809  1.098683472  1.108713653  1.148737840
[151]  1.200619824  1.476155064  1.763218762  1.978372963  1.911566751
[156]  1.507675800  0.733034520  0.800166801  1.561469120  1.940128085
[161]  2.187123696  2.095263660  2.026074973  1.990323332  1.896380615
[166]  2.294674136  2.481133307  2.545409160  1.026089867  0.915263233
[171]  0.951227931  1.133095839  1.422483118  1.703582906  1.866747738
[176]  1.699964037  1.314700995  0.939516374  1.097396609  1.685319634
[181]  1.961072829  2.118892824  1.856845800  1.637360025  1.800239025
[186]  1.762997071  2.252731914  2.535559962  2.564828385  0.952955859
[191]  0.746761494  0.677471528  0.773342299  1.232662347  1.451518940
[196]  1.564470096  1.336908904  1.199754924  1.028492446  1.183982487
[201]  1.750174107  1.779147785  2.148974035  1.944353363  1.735700075
[206]  1.814522856  2.097053461  2.401190708  2.569909732  2.601817861
[211]  0.845485979  0.490934161  0.291958113  0.554875066  0.923621788
[216]  1.012138218  1.111185239  0.969135905  0.791772606  1.081741916
[221]  1.471525422  1.898830903  2.184904266  2.247491187  1.718684166
[226]  1.121571327  1.639577789  2.079797149  2.423327260  2.528329453
[231]  2.585545481  0.867727678  0.344013640 -0.385758070  0.559010949
[236]  0.794748267  0.432616021  0.719035127  0.652915562  0.587534843
[241]  1.004075767  1.496906681  2.021587859  2.470464011  2.511376819
[246]  1.918470833  1.430572468  1.810846281  2.233185974  2.468403042
[251]  2.445709210  2.466192456  1.171960646  0.930883641  1.001464832
[256]  1.066118117  0.969803694  0.850016650  0.606957992  0.441596776
[261]  0.462391343  0.784451856  1.417033496  2.087962023  2.661736646
[266]  2.830965491  2.344713774  2.015858641  2.161357666  2.303737474
[271]  2.434677346  2.325781927  2.332620577  1.375320241  1.507627943
[276]  1.583817166  1.528850137  1.442346748  1.285223501  1.028111317
[281]  0.613621260  0.620089042  0.859659848  1.332157546  1.869329452
[286]  2.703157238  3.075601075  2.654432885  2.359558114  2.276808549
[291]  2.307166628  2.272330199  2.167735744  2.219261730  1.370891652
[296]  1.361543878  1.252708008  1.387275559  1.496523662  1.558653456
[301]  1.381094106  1.147421965  1.089073359  1.166952917  1.563065354
[306]  1.791116843  2.287108690  2.879825445  2.771299158  2.486864736
[311]  2.258800974  2.119554246  2.196097216  2.049353663  1.778847251
[316]  0.878896208  0.561898808  0.003341619  0.660650541  1.261748033
[321]  1.476646326  1.504338397  1.494446356  1.367123390  1.154490409
[326]  1.975147847  2.625522816  2.542785586  2.424088218  2.561795571
[331]  2.411066234  2.224950453  1.790657753  2.244315135  2.025164431
[336]  1.876139344  0.392748435 -0.137351392 -0.247982390  0.332351887
[341]  0.895498160  1.341586303  1.506654214  1.489852652  1.465600853
[346]  1.611915004  2.081304033  2.634622963  2.348496229  2.412990966
[351]  2.431247328  2.324356963  2.173197625  2.163739234  2.271570739
[356]  2.223277973  2.096024851  0.497395054  0.079165007  0.040334570
[361]  0.172530518  0.475935554  0.770769274  0.984421836  1.132390536
[366]  1.306358063  1.459467158  1.701429101  2.183865218  2.292910984
[371]  2.138573456  2.202637494  2.154059896  2.136876609  2.075502455
[376]  2.020397015  2.137184748  2.070651836  0.626230102  0.231787585
[381]  0.083047736 -0.054695530  0.029863296  0.007934555 -0.761499340
[386]  0.246431379  0.921811374  1.223753554  1.240285525  1.745410983
[391]  1.762070971  1.617364599  1.983813274  1.959305037  1.880010279
[396]  1.962694500  2.027247059  1.745073001  1.778536451  0.607084347
[401]  0.300107553  0.087308747 -0.509637280 -0.190670759 -0.412460114
[406] -0.858621051 -0.161924700  0.471388959  0.951592506  1.367982679
[411]  1.622633333  1.754471888  1.794393721  1.827794870  1.776338850
[416]  1.242403456  1.697713988  1.613632292  0.925881909  1.411621955
[421]  0.667589188  0.448161367  0.334482793  0.013111313 -0.053097435
[426] -0.146812051 -0.248660253 -0.275710898  0.108404163  0.875552666
[431]  1.331682378  1.601151949  1.808823241  1.823617257  1.820069566
[436]  1.805220235  1.734432830  1.738534032  1.731301017  1.440509602
[441]  1.490913816

$probabilities.simulations
  [1] 0.987 0.984 0.986 0.991 0.974 0.921 0.800 0.755 0.778 0.818 0.863 0.886
 [13] 0.897 0.906 0.913 0.968 0.999 1.000 0.999 0.986 0.974 0.996 0.995 0.996
 [25] 1.000 0.996 0.861 0.691 0.666 0.875 0.833 0.952 0.951 0.913 0.919 0.897
 [37] 0.935 0.986 1.000 0.997 0.985 0.958 1.000 1.000 1.000 0.995 0.921 0.724
 [49] 0.655 0.677 0.744 0.863 0.973 0.989 0.945 0.885 0.806 0.844 0.926 0.966
 [61] 0.991 0.972 0.933 1.000 1.000 1.000 0.998 0.955 0.915 0.815 0.737 0.759
 [73] 0.910 1.000 1.000 0.969 0.998 0.493 0.662 0.761 0.866 0.984 0.942 0.893
 [85] 0.999 0.999 0.999 1.000 0.996 0.934 0.908 0.863 0.819 0.935 0.997 0.986
 [97] 0.922 0.735 0.500 0.486 0.618 0.702 0.814 0.821 0.833 0.995 0.996 1.000
[109] 1.000 1.000 0.968 0.903 0.881 0.874 0.940 0.967 0.943 0.862 0.734 0.549
[121] 0.303 0.559 0.664 0.722 0.735 0.793 0.989 0.993 0.996 1.000 0.998 0.963
[133] 0.894 0.886 0.949 0.988 0.988 0.965 0.885 0.792 0.680 0.634 0.713 0.734
[145] 0.724 0.705 0.744 0.993 0.995 0.993 0.997 0.981 0.976 0.908 0.929 0.991
[157] 1.000 1.000 0.981 0.920 0.826 0.859 0.890 0.903 0.936 0.752 0.687 0.693
[169] 0.995 0.999 0.997 0.998 0.992 0.970 0.935 0.971 0.997 1.000 1.000 0.980
[181] 0.915 0.855 0.963 0.989 0.961 0.979 0.719 0.638 0.703 0.995 0.999 0.999
[193] 1.000 0.998 0.992 0.986 1.000 0.998 1.000 1.000 0.977 0.973 0.818 0.927
[205] 0.970 0.957 0.859 0.721 0.634 0.648 0.999 1.000 1.000 1.000 1.000 0.999
[217] 0.999 1.000 1.000 0.999 0.994 0.930 0.811 0.721 0.984 1.000 0.990 0.860
[229] 0.690 0.673 0.651 1.000 1.000 1.000 1.000 1.000 1.000 1.000 1.000 1.000
[241] 0.998 0.984 0.896 0.685 0.532 0.938 0.997 0.960 0.803 0.677 0.622 0.674
[253] 0.995 1.000 1.000 1.000 1.000 1.000 1.000 1.000 1.000 1.000 0.997 0.862
[265] 0.498 0.287 0.631 0.893 0.845 0.775 0.682 0.644 0.708 0.994 0.993 0.985
[277] 0.984 0.992 0.999 1.000 1.000 1.000 1.000 0.999 0.950 0.348 0.012 0.403
[289] 0.715 0.775 0.783 0.746 0.784 0.813 0.994 0.998 1.000 0.997 1.000 0.986
[301] 0.990 0.998 1.000 1.000 0.996 0.974 0.583 0.289 0.445 0.659 0.785 0.844
[313] 0.794 0.884 0.959 1.000 1.000 1.000 1.000 0.997 0.983 0.983 0.980 0.990
[325] 1.000 0.910 0.285 0.471 0.480 0.584 0.678 0.795 0.980 0.777 0.884 0.942
[337] 1.000 1.000 1.000 1.000 0.999 0.986 0.987 0.981 0.985 0.985 0.852 0.379
[349] 0.478 0.671 0.709 0.765 0.810 0.830 0.720 0.756 0.868 1.000 1.000 1.000
[361] 1.000 1.000 1.000 1.000 0.999 0.995 0.992 0.976 0.800 0.608 0.836 0.828
[373] 0.850 0.854 0.861 0.885 0.836 0.876 1.000 1.000 1.000 1.000 1.000 1.000
[385] 1.000 1.000 0.999 0.998 1.000 0.962 0.965 0.989 0.905 0.911 0.930 0.912
[397] 0.891 0.984 0.955 1.000 1.000 1.000 1.000 1.000 1.000 1.000 1.000 1.000
[409] 1.000 0.992 0.973 0.971 0.966 0.948 0.963 1.000 0.974 0.999 1.000 0.994
[421] 1.000 1.000 1.000 1.000 1.000 1.000 1.000 1.000 1.000 1.000 0.989 0.978
[433] 0.954 0.948 0.949 0.943 0.959 0.966 0.964 0.992 0.983

> 
> par(mfrow=c(2,2))
> image(kc, val=kc$sim[,1], main="a cond. simul.")
> image(kc, val=kc$sim[,1], main="another cond. simul.")
> image(kc, val=(1 - kc$prob), main="Map of P(Y > 2)")
> image(kc, val=kc$quant, main="Map of y s.t. P(Y < y) = 0.9")
> par(par.ori)
> #
> 
> proc.time()
[1] 22.01  0.55 22.54  0.01  0.00
> 
